// Jest Snapshot v1, https://goo.gl/fbAQLP

exports[`set of radios { value: 'OFF' } 1`] = `
.emotion-1 {
  cursor: pointer;
  display: -webkit-box;
  display: -webkit-flex;
  display: -ms-flexbox;
  display: flex;
  outline: none;
  padding: 10px 0;
  position: relative;
  font-weight: 400;
  color: #101721;
  font-size: 14px;
}

.emotion-1[data-disabled='true'] {
  cursor: not-allowed;
  pointer-events: none;
}

.emotion-1[data-disabled='true'] .css-qatnln {
  color: #E0E0E0;
}

.emotion-4 {
  display: -webkit-box;
  display: -webkit-flex;
  display: -ms-flexbox;
  display: flex;
  font-weight: 400;
  color: #101721;
  font-size: 12px;
}

.emotion-2 {
  border: 1px solid #EDEDED;
  border-radius: 0px 3px 3px 0px;
  padding: 10px 20px;
}

.emotion-0 {
  border: 1px solid #EDEDED;
  border-radius: 3px 0px 0px 3px;
  padding: 10px 20px;
  background-color: #EDEDED;
}

<div
  aria-label="set of radios"
  className="emotion-4"
  role="radiogroup"
>
  <div
    aria-checked={true}
    className="emotion-1"
    onClick={[Function]}
    role="radio"
    tabIndex={0}
  >
    <div
      className="emotion-0"
    >
      OFF
    </div>
  </div>
  <div
    aria-checked={false}
    className="emotion-1"
    onClick={[Function]}
    role="radio"
    tabIndex={-1}
  >
    <div
      className="emotion-2"
    >
      ON
    </div>
  </div>
</div>
`;

exports[`set of radios { value: 'ON' } 1`] = `
.emotion-1 {
  cursor: pointer;
  display: -webkit-box;
  display: -webkit-flex;
  display: -ms-flexbox;
  display: flex;
  outline: none;
  padding: 10px 0;
  position: relative;
  font-weight: 400;
  color: #101721;
  font-size: 14px;
}

.emotion-1[data-disabled='true'] {
  cursor: not-allowed;
  pointer-events: none;
}

.emotion-1[data-disabled='true'] .css-qatnln {
  color: #E0E0E0;
}

.emotion-4 {
  display: -webkit-box;
  display: -webkit-flex;
  display: -ms-flexbox;
  display: flex;
  font-weight: 400;
  color: #101721;
  font-size: 12px;
}

.emotion-0 {
  border: 1px solid #EDEDED;
  border-radius: 3px 0px 0px 3px;
  padding: 10px 20px;
}

.emotion-2 {
  border: 1px solid #EDEDED;
  border-radius: 0px 3px 3px 0px;
  padding: 10px 20px;
  background-color: #EDEDED;
}

<div
  aria-label="set of radios"
  className="emotion-4"
  role="radiogroup"
>
  <div
    aria-checked={false}
    className="emotion-1"
    onClick={[Function]}
    role="radio"
    tabIndex={-1}
  >
    <div
      className="emotion-0"
    >
      OFF
    </div>
  </div>
  <div
    aria-checked={true}
    className="emotion-1"
    onClick={[Function]}
    role="radio"
    tabIndex={0}
  >
    <div
      className="emotion-2"
    >
      ON
    </div>
  </div>
</div>
`;
