// Jest Snapshot v1, https://goo.gl/fbAQLP

exports[`Component: Toast snapshot 1`] = `
Array [
  "",
  .emotion-0 {
  position: fixed;
  bottom: 50px;
  border-radius: 3px;
  font-weight: 400;
  color: #ffffff;
  font-size: 14px;
  height: 46px;
  display: -webkit-box;
  display: -webkit-flex;
  display: -ms-flexbox;
  display: flex;
  -webkit-align-items: center;
  -webkit-box-align: center;
  -ms-flex-align: center;
  align-items: center;
  padding: 20px;
  z-index: 99999;
  left: 50%;
}

.emotion-0 > i {
  margin-right: 10px;
}

<ForwardRef
    className="emotion-0"
    style={
      Object {
        "backgroundColor": "#10AC60",
        "opacity": 0,
        "originalKey": "styles => {
                    /* istanbul ignore next */cov_3rzavxems.f[9]++;
                    cov_3rzavxems.s[27]++;
                    return (/* istanbul ignore next */React.createElement(
                            /* istanbul ignore next */react_spring_1.animated.div,
                            /* istanbul ignore next */{ className: Toast_styles_1.toastWrapper, style: /* istanbul ignore next */_extends({ backgroundColor: bColor }, styles) },
                            /* istanbul ignore next */React.createElement( /* istanbul ignore next */\\"i\\", /* istanbul ignore next */{ className: iconClass }),
                            this.state.text
                        )
                    );
                }",
        "transform": "translateX(-50%) translateY(10px)",
      }
    }
  >
    <div
      className="emotion-0"
      style={
        Object {
          "backgroundColor": "#10AC60",
          "opacity": 0,
          "originalKey": "styles => {
                    /* istanbul ignore next */cov_3rzavxems.f[9]++;
                    cov_3rzavxems.s[27]++;
                    return (/* istanbul ignore next */React.createElement(
                            /* istanbul ignore next */react_spring_1.animated.div,
                            /* istanbul ignore next */{ className: Toast_styles_1.toastWrapper, style: /* istanbul ignore next */_extends({ backgroundColor: bColor }, styles) },
                            /* istanbul ignore next */React.createElement( /* istanbul ignore next */\\"i\\", /* istanbul ignore next */{ className: iconClass }),
                            this.state.text
                        )
                    );
                }",
          "transform": "translateX(-50%) translateY(10px)",
        }
      }
    >
      <i
        className="icon-radio-check-filled"
      />
      hello world
    </div>
  </ForwardRef>,
]
`;
