// Jest Snapshot v1, https://goo.gl/fbAQLP

exports[`Toggle { value: 'OFF', onButtonText: 'AM', offButtonText: 'PM' } 1`] = `
.emotion-2 {
  display: -webkit-box;
  display: -webkit-flex;
  display: -ms-flexbox;
  display: flex;
}

.emotion-0 {
  line-height: 23px;
  height: 40px;
  padding: 0 20px;
  display: -webkit-box;
  display: -webkit-flex;
  display: -ms-flexbox;
  display: flex;
  -webkit-align-items: center;
  -webkit-box-align: center;
  -ms-flex-align: center;
  align-items: center;
  -webkit-transition: all ease-out .2s;
  transition: all ease-out .2s;
  border-radius: 3px;
  outline: none;
  position: relative;
  overflow: hidden;
  cursor: pointer;
  white-space: nowrap;
  -webkit-box-pack: center;
  -webkit-justify-content: center;
  -ms-flex-pack: center;
  justify-content: center;
  border: 0;
  height: 25px;
  min-width: 70px;
  font-weight: 400;
  color: #EDEDED;
  font-size: 10px;
  background-color: #ffffff;
  border: 1px solid #EDEDED;
  box-shadow: none;
  border-radius: 3px 0px 0px 3px;
  border-right: none;
  color: #101721;
  padding: 8px 20px;
  height: 40px;
  font-size: 12px;
  background-color: #EDEDED;
}

.emotion-0[disabled] {
  cursor: not-allowed;
}

.emotion-0:not([disabled]):hover {
  color: #101721;
  background-color: #F7F7F9;
  border-color: #F7F7F9;
}

.emotion-0:not([disabled]):active {
  color: #101721;
  background-color: #9FA6B0;
  border-color: #9FA6B0;
}

.emotion-0[disabled] {
  color: #101721;
  background-color: #EDEDED;
  border-color: #EDEDED;
}

.emotion-1 {
  line-height: 23px;
  height: 40px;
  padding: 0 20px;
  display: -webkit-box;
  display: -webkit-flex;
  display: -ms-flexbox;
  display: flex;
  -webkit-align-items: center;
  -webkit-box-align: center;
  -ms-flex-align: center;
  align-items: center;
  -webkit-transition: all ease-out .2s;
  transition: all ease-out .2s;
  border-radius: 3px;
  outline: none;
  position: relative;
  overflow: hidden;
  cursor: pointer;
  white-space: nowrap;
  -webkit-box-pack: center;
  -webkit-justify-content: center;
  -ms-flex-pack: center;
  justify-content: center;
  border: 0;
  height: 25px;
  min-width: 70px;
  font-weight: 400;
  color: #EDEDED;
  font-size: 10px;
  background-color: #ffffff;
  border: 1px solid #EDEDED;
  box-shadow: none;
  border-left: 1px solid #EDEDED;
  border-radius: 0px 3px 3px 0px;
  color: #101721;
  padding: 8px 20px;
  height: 40px;
  font-size: 12px;
}

.emotion-1[disabled] {
  cursor: not-allowed;
}

.emotion-1:not([disabled]):hover {
  color: #101721;
  background-color: #F7F7F9;
  border-color: #F7F7F9;
}

.emotion-1:not([disabled]):active {
  color: #101721;
  background-color: #9FA6B0;
  border-color: #9FA6B0;
}

.emotion-1[disabled] {
  color: #101721;
  background-color: #EDEDED;
  border-color: #EDEDED;
}

<div
  className="emotion-2"
>
  <button
    className="emotion-0"
    onClick={[Function]}
    style={
      Object {
        "width": undefined,
      }
    }
  >
    AM
  </button>
  <button
    className="emotion-1"
    onClick={[Function]}
    style={
      Object {
        "width": undefined,
      }
    }
  >
    PM
  </button>
</div>
`;

exports[`Toggle { value: 'ON', onButtonText: 'AM', offButtonText: 'PM' } 1`] = `
.emotion-2 {
  display: -webkit-box;
  display: -webkit-flex;
  display: -ms-flexbox;
  display: flex;
}

.emotion-0 {
  line-height: 23px;
  height: 40px;
  padding: 0 20px;
  display: -webkit-box;
  display: -webkit-flex;
  display: -ms-flexbox;
  display: flex;
  -webkit-align-items: center;
  -webkit-box-align: center;
  -ms-flex-align: center;
  align-items: center;
  -webkit-transition: all ease-out .2s;
  transition: all ease-out .2s;
  border-radius: 3px;
  outline: none;
  position: relative;
  overflow: hidden;
  cursor: pointer;
  white-space: nowrap;
  -webkit-box-pack: center;
  -webkit-justify-content: center;
  -ms-flex-pack: center;
  justify-content: center;
  border: 0;
  height: 25px;
  min-width: 70px;
  font-weight: 400;
  color: #EDEDED;
  font-size: 10px;
  background-color: #ffffff;
  border: 1px solid #EDEDED;
  box-shadow: none;
  border-radius: 3px 0px 0px 3px;
  border-right: none;
  color: #101721;
  padding: 8px 20px;
  height: 40px;
  font-size: 12px;
}

.emotion-0[disabled] {
  cursor: not-allowed;
}

.emotion-0:not([disabled]):hover {
  color: #101721;
  background-color: #F7F7F9;
  border-color: #F7F7F9;
}

.emotion-0:not([disabled]):active {
  color: #101721;
  background-color: #9FA6B0;
  border-color: #9FA6B0;
}

.emotion-0[disabled] {
  color: #101721;
  background-color: #EDEDED;
  border-color: #EDEDED;
}

.emotion-1 {
  line-height: 23px;
  height: 40px;
  padding: 0 20px;
  display: -webkit-box;
  display: -webkit-flex;
  display: -ms-flexbox;
  display: flex;
  -webkit-align-items: center;
  -webkit-box-align: center;
  -ms-flex-align: center;
  align-items: center;
  -webkit-transition: all ease-out .2s;
  transition: all ease-out .2s;
  border-radius: 3px;
  outline: none;
  position: relative;
  overflow: hidden;
  cursor: pointer;
  white-space: nowrap;
  -webkit-box-pack: center;
  -webkit-justify-content: center;
  -ms-flex-pack: center;
  justify-content: center;
  border: 0;
  height: 25px;
  min-width: 70px;
  font-weight: 400;
  color: #EDEDED;
  font-size: 10px;
  background-color: #ffffff;
  border: 1px solid #EDEDED;
  box-shadow: none;
  border-left: 1px solid #EDEDED;
  border-radius: 0px 3px 3px 0px;
  color: #101721;
  padding: 8px 20px;
  height: 40px;
  font-size: 12px;
  background-color: #EDEDED;
}

.emotion-1[disabled] {
  cursor: not-allowed;
}

.emotion-1:not([disabled]):hover {
  color: #101721;
  background-color: #F7F7F9;
  border-color: #F7F7F9;
}

.emotion-1:not([disabled]):active {
  color: #101721;
  background-color: #9FA6B0;
  border-color: #9FA6B0;
}

.emotion-1[disabled] {
  color: #101721;
  background-color: #EDEDED;
  border-color: #EDEDED;
}

<div
  className="emotion-2"
>
  <button
    className="emotion-0"
    onClick={[Function]}
    style={
      Object {
        "width": undefined,
      }
    }
  >
    AM
  </button>
  <button
    className="emotion-1"
    onClick={[Function]}
    style={
      Object {
        "width": undefined,
      }
    }
  >
    PM
  </button>
</div>
`;
